[2026-08-01 06:39:01.742] [INFO]  === PHASE 1: CPU Topology Discovery ===
[2026-08-01 06:39:02.857] CPU: Intel(R) Core(TM) i9-9900K CPU @ 3.60GHz | Vendor=GenuineIntel | Logical=8 | PhysCores=8
[2026-08-01 06:39:02.862] CPU.HYBRID: P-cores=8 E-cores=0 SMT=False
[2026-08-01 06:39:02.910] CPU.PRIMARY.P: [0,1,2,3,4,5,6,7]
[2026-08-01 06:39:02.911] CPU.PRIMARY.E: []
[2026-08-01 06:39:02.912] CPU.TARGET.CCD: LPs=[0,1,2,3,4,5,6,7]
[2026-08-01 06:39:02.914] [INFO]  === PHASE 2: Device Scan & Classification ===
[2026-08-01 06:39:03.032] SCAN: 173 present PnP devices
[2026-08-01 06:39:03.105] SCAN.SKIP.USB.NOROLES: PCI\VEN_8086&DEV_A36D&SUBSYS_86941043&REV_10\3&11583659&0&A0
[2026-08-01 06:39:03.107] SCAN.SKIP.OTHER: ACPI\PNP0C02\0 class=System
[2026-08-01 06:39:03.108] SCAN.SKIP.OTHER: ACPI\PNP0C02\1 class=System
[2026-08-01 06:39:03.109] SCAN.SKIP.OTHER: ACPI\PNP0C02\2 class=System
[2026-08-01 06:39:03.110] SCAN.SKIP.OTHER: ACPI\PNP0C02\5 class=System
[2026-08-01 06:39:03.111] SCAN.SKIP.OTHER: USB\VID_1235&PID_352F&MI_03\7&2BC2E606&0&0003 class=HIDClass
[2026-08-01 06:39:03.112] SCAN.SKIP.OTHER: USB\VID_3837&PID_300D&MI_01\7&15812FBA&0&0001 class=HIDClass
[2026-08-01 06:39:03.113] SCAN.SKIP.OTHER: USB\VID_0B05&PID_18A3\00000000001A class=HIDClass
[2026-08-01 06:39:03.115] SCAN.SKIP.OTHER: HID\VID_0B05&PID_18A3\7&F0CADF8&0&0000 class=HIDClass
[2026-08-01 06:39:03.116] SCAN.SKIP.OTHER: ROOT\VOLMGR\0000 class=System
[2026-08-01 06:39:03.118] SCAN.SKIP.OTHER: SCSI\DISK&VEN_CT1000MX&PROD_500SSD1\4&FE99083&0&000100 class=DiskDrive
[2026-08-01 06:39:03.119] SCAN.SKIP.VIRT: SWD\MMDEVAPI\{0.0.0.00000000}.{D3CB4195-5423-47D0-A8C7-00E9EA9F3491}
[2026-08-01 06:39:03.120] SCAN.SKIP.OTHER: USB\VID_046D&PID_C547&MI_02\6&27272CB6&0&0002 class=HIDClass
[2026-08-01 06:39:03.121] SCAN.SKIP.OTHER: ROOT\BASICDISPLAY\0000 class=System
[2026-08-01 06:39:03.122] SCAN.SKIP.OTHER: SCSI\DISK&VEN_JMICRON&PROD_TECH\6&29D94A0D&0&000000 class=DiskDrive
[2026-08-01 06:39:03.123] SCAN.SKIP.OTHER: SWD\DRIVERENUM\{E83B603A-ABA0-4D94-BF87-3BBA62F4B383}#APOSWC&1&2A215B38&0 class=AudioProcessingObject
[2026-08-01 06:39:03.124] SCAN.SKIP.OTHER: STORAGE\VOLUME\{85E3BFB4-8502-11F1-9BF7-6245B4EB9815}#0000000000100000 class=Volume
[2026-08-01 06:39:03.133] SCAN.SKIP.NOIM: SWD\MMDEVAPI\{0.0.0.00000000}.{B533B8B5-A5EA-451D-A317-3F54C7C171D9}
[2026-08-01 06:39:03.135] SCAN.SKIP.OTHER: ACPI\GENUINEINTEL_-_INTEL64_FAMILY_6_MODEL_158_-_INTEL(R)_CORE(TM)_I9-9900K_CPU_@_3.60GHZ\_1 class=Processor
[2026-08-01 06:39:03.136] SCAN.SKIP.OTHER: ACPI\GENUINEINTEL_-_INTEL64_FAMILY_6_MODEL_158_-_INTEL(R)_CORE(TM)_I9-9900K_CPU_@_3.60GHZ\_2 class=Processor
[2026-08-01 06:39:03.137] SCAN.SKIP.OTHER: ACPI\GENUINEINTEL_-_INTEL64_FAMILY_6_MODEL_158_-_INTEL(R)_CORE(TM)_I9-9900K_CPU_@_3.60GHZ\_3 class=Processor
[2026-08-01 06:39:03.138] SCAN.SKIP.OTHER: ACPI\GENUINEINTEL_-_INTEL64_FAMILY_6_MODEL_158_-_INTEL(R)_CORE(TM)_I9-9900K_CPU_@_3.60GHZ\_4 class=Processor
[2026-08-01 06:39:03.139] SCAN.SKIP.OTHER: ACPI\GENUINEINTEL_-_INTEL64_FAMILY_6_MODEL_158_-_INTEL(R)_CORE(TM)_I9-9900K_CPU_@_3.60GHZ\_5 class=Processor
[2026-08-01 06:39:03.141] SCAN.SKIP.OTHER: ACPI\GENUINEINTEL_-_INTEL64_FAMILY_6_MODEL_158_-_INTEL(R)_CORE(TM)_I9-9900K_CPU_@_3.60GHZ\_6 class=Processor
[2026-08-01 06:39:03.142] SCAN.SKIP.OTHER: ACPI\GENUINEINTEL_-_INTEL64_FAMILY_6_MODEL_158_-_INTEL(R)_CORE(TM)_I9-9900K_CPU_@_3.60GHZ\_7 class=Processor
[2026-08-01 06:39:03.143] SCAN.SKIP.OTHER: ACPI\GENUINEINTEL_-_INTEL64_FAMILY_6_MODEL_158_-_INTEL(R)_CORE(TM)_I9-9900K_CPU_@_3.60GHZ\_8 class=Processor
[2026-08-01 06:39:03.205] SCAN.SKIP.USB.NOROLES: PCI\VEN_1912&DEV_0014&SUBSYS_00000000&REV_03\4&1F177867&0&00D8
[2026-08-01 06:39:03.206] SCAN.SKIP.OTHER: SWD\COMPUTER\MFG_ASUS&FAM_TO_BE_FILLED_BY_O.E.M.&PROD_SYSTEM_PRODUCT_NAME&SKU_ASUS_MB_CNL class=Computer
[2026-08-01 06:39:03.207] SCAN.SKIP.OTHER: HID\VID_3837&PID_300D&MI_01\8&283A98FA&0&0000 class=HIDClass
[2026-08-01 06:39:03.208] SCAN.SKIP.OTHER: USB\VID_3142&PID_A010&MI_03\7&2F68056E&0&0003 class=HIDClass
[2026-08-01 06:39:03.209] SCAN.SKIP.OTHER: UEFI\RES_{A1D33A80-5288-5598-B253-11BA0AB0F969}\0 class=Firmware
[2026-08-01 06:39:03.216] SCAN.SKIP.NOIM: USB\VID_046D&PID_C547\5&38E97A59&0&13
[2026-08-01 06:39:03.223] SCAN.SKIP.NOIM: USB\VID_1A40&PID_0101\5&38E97A59&0&3
[2026-08-01 06:39:03.224] SCAN.SKIP.OTHER: USB\VID_1235&PID_352F&MI_04\7&2BC2E606&0&0004 class=HIDClass
[2026-08-01 06:39:03.225] SCAN.SKIP.OTHER: ACPI\PNP0C04\4&3967B2DD&0 class=System
[2026-08-01 06:39:03.226] SCAN.SKIP.OTHER: USB\VID_3837&PID_300D&MI_02\7&15812FBA&0&0002 class=HIDClass
[2026-08-01 06:39:03.227] SCAN.SKIP.VIRT: ROOT\VID\0000
[2026-08-01 06:39:03.228] SCAN.SKIP.OTHER: STORAGE\VOLUME\{40F51B95-82C7-11F1-9BD4-806E6F6E6963}#000000000D900000 class=Volume
[2026-08-01 06:39:03.235] SCAN.SKIP.NOIM: USB\VID_045B&PID_0209\6&21EF6802&0&5
[2026-08-01 06:39:03.236] SCAN.SKIP.OTHER: SWD\WPDBUSENUM\{40F51B91-82C7-11F1-9BD4-806E6F6E6963}#0000000001000000 class=WPD
[2026-08-01 06:39:03.247] SCAN: STOR PCI\VEN_8086&DEV_A352&SUBSYS_86941043&REV_10\3&11583659&0&B8 name=Intel(R) 300 Series Chipset Family SATA AHCI Controller usbRoles= audio= wifi=False iGPU=False cx=False
[2026-08-01 06:39:03.249] SCAN.SKIP.OTHER: PCI\VEN_8086&DEV_A36F&SUBSYS_86941043&REV_10\3&11583659&0&A2 class=System
[2026-08-01 06:39:03.255] SCAN.SKIP.NOIM: USB\VID_1235&PID_352F\20190808
[2026-08-01 06:39:03.261] SCAN.SKIP.NOIM: ROOT\SPACEPORT\0000
[2026-08-01 06:39:03.270] SCAN.SKIP.NOIM: SWD\MMDEVAPI\{0.0.0.00000000}.{EFEAC16D-D412-44CB-9CF3-E847468F3DCF}
[2026-08-01 06:39:03.271] SCAN.SKIP.OTHER: VHF\HID_DEVICE_SYSTEM_VHF\6&27272CB6&0&13_SLOT00 class=HIDClass
[2026-08-01 06:39:03.272] SCAN.SKIP.OTHER: PCI\VEN_8086&DEV_3E30&SUBSYS_86941043&REV_0D\3&11583659&0&00 class=System
[2026-08-01 06:39:03.273] SCAN.SKIP.OTHER: HID\VID_1235&PID_352F&MI_04\8&1F055C3C&0&0000 class=HIDClass
[2026-08-01 06:39:03.274] SCAN.SKIP.OTHER: STORAGE\VOLUME\{40F51B91-82C7-11F1-9BD4-806E6F6E6963}#0000000000004400 class=Volume
[2026-08-01 06:39:03.275] SCAN.SKIP.OTHER: HID\VID_046D&PID_C547&MI_02&COL02\7&BBA60CF&0&0001 class=HIDClass
[2026-08-01 06:39:03.276] SCAN.SKIP.OTHER: ACPI\PNP0C02\PCHRESV class=System
[2026-08-01 06:39:03.277] SCAN.SKIP.OTHER: HID\VID_046D&PID_C547&MI_02&COL01\7&BBA60CF&0&0000 class=HIDClass
[2026-08-01 06:39:03.279] SCAN.SKIP.OTHER: HID\VID_1235&PID_352F&MI_03\8&36C8E881&0&0000 class=HIDClass
[2026-08-01 06:39:03.295] SCAN: AUDIO PCI\VEN_8086&DEV_A348&SUBSYS_87231043&REV_10\3&11583659&0&FB name=Contrôleur High Definition Audio usbRoles= audio=Contrôleur High Definition Audio wifi=False iGPU=False cx=False
[2026-08-01 06:39:03.296] SCAN.SKIP.OTHER: SCSI\DISK&VEN_NVME&PROD_SAMSUNG_SSD_980\5&2F3C9137&0&000000 class=DiskDrive
[2026-08-01 06:39:03.297] SCAN.SKIP.OTHER: PCI\VEN_8086&DEV_A360&SUBSYS_86941043&REV_10\3&11583659&0&B0 class=System
[2026-08-01 06:39:03.298] SCAN.SKIP.OTHER: STORAGE\VOLUME\{40F51B95-82C7-11F1-9BD4-806E6F6E6963}#000000000C900000 class=Volume
[2026-08-01 06:39:03.300] SCAN.SKIP.OTHER: USB\VID_046D&PID_C547&LAMPARRAY\6&27272CB6&0&13_SLOT00 class=
[2026-08-01 06:39:03.301] SCAN.SKIP.OTHER: USB\VID_046D&PID_C547&LAMPARRAY\6&27272CB6&0&13_SLOT01 class=
[2026-08-01 06:39:03.302] SCAN.SKIP.OTHER: USB\VID_046D&PID_C547&LAMPARRAY\6&27272CB6&0&13_SLOT02 class=
[2026-08-01 06:39:03.303] SCAN.SKIP.OTHER: USB\VID_046D&PID_C547&LAMPARRAY\6&27272CB6&0&13_SLOT03 class=
[2026-08-01 06:39:03.304] SCAN.SKIP.OTHER: USB\VID_046D&PID_C547&LAMPARRAY\6&27272CB6&0&13_SLOT04 class=
[2026-08-01 06:39:03.305] SCAN.SKIP.OTHER: USB\VID_046D&PID_C547&LAMPARRAY\6&27272CB6&0&13_SLOT05 class=
[2026-08-01 06:39:03.306] SCAN.SKIP.OTHER: USB\VID_046D&PID_C547&LAMPARRAY\6&27272CB6&0&13_SLOT06 class=
[2026-08-01 06:39:03.312] SCAN.SKIP.NOIM: USB\VID_1235&PID_352F&MI_00\7&2BC2E606&0&0000
[2026-08-01 06:39:03.313] SCAN.SKIP.OTHER: USB\VID_3142&PID_A010&MI_04\7&2F68056E&0&0004 class=HIDClass
[2026-08-01 06:39:03.314] SCAN.SKIP.OTHER: STORAGE\VOLUME\{40F51B95-82C7-11F1-9BD4-806E6F6E6963}#000000743CD00000 class=Volume
[2026-08-01 06:39:03.315] SCAN.SKIP.OTHER: STORAGE\VOLUME\{40F51B91-82C7-11F1-9BD4-806E6F6E6963}#0000000001000000 class=Volume
[2026-08-01 06:39:03.321] SCAN.SKIP.NOIM: USB\VID_0BDA&PID_5409\7&27E82F95&0&4
[2026-08-01 06:39:03.322] SCAN.SKIP.OTHER: HID\VID_046D&PID_C547&MI_01&COL01\7&2F919E91&0&0000 class=Keyboard
[2026-08-01 06:39:03.330] SCAN.SKIP.NOIM: USB\ROOT_HUB30\5&FFCF795&0&0
[2026-08-01 06:39:03.331] SCAN.SKIP.OTHER: SCSI\DISK&VEN_SAMSUNG&PROD_SSD\4&FE99083&0&000000 class=DiskDrive
[2026-08-01 06:39:03.332] SCAN.SKIP.OTHER: SWD\RADIO\{3DB5895D-CC28-44B3-AD3D-6F01A782B8D2} class=SoftwareDevice
[2026-08-01 06:39:03.340] SCAN.SKIP.NOIM: SWD\MMDEVAPI\{0.0.1.00000000}.{D30A075F-50C0-4216-9C16-8CFD75838A8B}
[2026-08-01 06:39:03.347] SCAN.SKIP.NOIM: USB\VID_3837&PID_300D\51463B863442
[2026-08-01 06:39:03.348] SCAN.SKIP.OTHER: ROOT\ACPI_HAL\0000 class=Computer
[2026-08-01 06:39:03.349] SCAN.SKIP.OTHER: ACPI\PNP0A08\0 class=System
[2026-08-01 06:39:03.355] SCAN.SKIP.NOIM: USB\VID_0BDA&PID_0409\7&385A0AEC&0&4
[2026-08-01 06:39:03.356] SCAN.SKIP.OTHER: SWD\DRIVERENUM\{96BEDF2C-18CB-4A15-B821-5E95ED0FEA61}#VOCAEFFECTPACK&1&201CA009&0 class=AudioProcessingObject
[2026-08-01 06:39:03.358] SCAN.SKIP.OTHER: HID\VID_046D&PID_C547&MI_00\7&17CE124C&0&0000 class=Mouse
[2026-08-01 06:39:03.359] SCAN.SKIP.OTHER: HTREE\ROOT\0 class=
[2026-08-01 06:39:03.360] SCAN.SKIP.OTHER: USB\VID_187C&PID_101A\8&1024433C&0&3 class=HIDClass
[2026-08-01 06:39:03.361] SCAN.SKIP.OTHER: ROOT\BASICRENDER\0000 class=System
[2026-08-01 06:39:03.369] SCAN.SKIP.NOIM: USB\VID_3142&PID_A010\20190808
[2026-08-01 06:39:03.375] SCAN.SKIP.NOIM: USB\VID_045B&PID_0210\6&21EF6802&0&1
[2026-08-01 06:39:03.381] SCAN.SKIP.NOIM: USB\VID_152D&PID_0583\MSFT30DD5641988389C
[2026-08-01 06:39:03.382] SCAN.SKIP.OTHER: STORAGE\VOLUME\{85E3BFB5-8502-11F1-9BF7-6245B4EB9815}#0000000000004400 class=Volume
[2026-08-01 06:39:03.383] SCAN.SKIP.OTHER: ACPI_HAL\UEFI\0 class=System
[2026-08-01 06:39:03.390] SCAN.SKIP.NOIM: USB\VID_3142&PID_A010&MI_00\7&2F68056E&0&0000
[2026-08-01 06:39:03.391] SCAN.SKIP.OTHER: ACPI\PNP0C02\SARESV class=System
[2026-08-01 06:39:03.392] SCAN.SKIP.OTHER: HID\VID_0B05&PID_18AE\7&3B52FF02&0&0000 class=HIDClass
[2026-08-01 06:39:03.393] SCAN.SKIP.OTHER: ACPI\MSFT0101\1 class=SecurityDevices
[2026-08-01 06:39:03.403] SCAN: NET_CX PCI\VEN_8086&DEV_15F3&SUBSYS_22D817AA&REV_03\68545AFFFFEF33AE00 name=Intel(R) Ethernet Controller (3) I225-V usbRoles= audio= wifi=False iGPU=False cx=True
[2026-08-01 06:39:03.404] SCAN.SKIP.OTHER: SCSI\DISK&VEN_NVME&PROD_SAMSUNG_SSD_970\5&D94248&0&000000 class=DiskDrive
[2026-08-01 06:39:03.405] SCAN.SKIP.OTHER: HID\VID_046D&PID_C547&MI_01&COL02\7&2F919E91&0&0001 class=HIDClass
[2026-08-01 06:39:03.406] SCAN.SKIP.OTHER: HID\VID_187C&PID_101A\9&1107AE61&0&0000 class=HIDClass
[2026-08-01 06:39:03.407] SCAN.SKIP.OTHER: DISPLAY\RTK1920\5&35AAB470&3&UID4352 class=Monitor
[2026-08-01 06:39:03.409] SCAN.SKIP.VIRT: SWD\MMDEVAPI\{0.0.0.00000000}.{B0FB04E9-E8C2-4A56-86DA-42B5C9B42417}
[2026-08-01 06:39:03.410] SCAN.SKIP.OTHER: STORAGE\VOLUME\{40F51B94-82C7-11F1-9BD4-806E6F6E6963}#0000000000004400 class=Volume
[2026-08-01 06:39:03.411] SCAN.SKIP.OTHER: STORAGE\VOLUME\{85E3BFB5-8502-11F1-9BF7-6245B4EB9815}#0000000001000000 class=Volume
[2026-08-01 06:39:03.412] SCAN.SKIP.OTHER: ACPI\INT33A1\1 class=System
[2026-08-01 06:39:03.418] SCAN.SKIP.NOIM: USB\ROOT_HUB30\5&131DD1AE&0&0
[2026-08-01 06:39:03.419] SCAN.SKIP.OTHER: USB\VID_046D&PID_C547&MI_00\6&27272CB6&0&0000 class=HIDClass
[2026-08-01 06:39:03.420] SCAN.SKIP.OTHER: ACPI\PNP0C02\IOTRAPS class=System
[2026-08-01 06:39:03.421] SCAN.SKIP.VIRT: SWD\MMDEVAPI\{0.0.1.00000000}.{EFAA7A96-DF39-4436-8866-1EAB700DCAA1}
[2026-08-01 06:39:03.422] SCAN.SKIP.OTHER: PCI\VEN_8086&DEV_1901&SUBSYS_86941043&REV_0D\3&11583659&0&08 class=System
[2026-08-01 06:39:03.423] SCAN.SKIP.OTHER: USB\VID_0B05&PID_18AE\205D30495847 class=HIDClass
[2026-08-01 06:39:03.429] SCAN.SKIP.NOIM: SWD\XVDDENUM\XVDDROOTDEVICE_INSTANCE
[2026-08-01 06:39:03.430] SCAN.SKIP.OTHER: SWD\MMDEVAPI\MICROSOFTGSWAVETABLESYNTH class=SoftwareDevice
[2026-08-01 06:39:03.431] SCAN.SKIP.OTHER: HID\HID_DEVICE_SYSTEM_VHF\7&1947D55E&0&0000 class=HIDClass
[2026-08-01 06:39:03.432] SCAN.SKIP.OTHER: USB\VID_05AC&PID_1392\DLC742712D2H1Y8AK class=HIDClass
[2026-08-01 06:39:03.433] SCAN.SKIP.OTHER: DISPLAY\DELA28A\5&35AAB470&3&UID4357 class=Monitor
[2026-08-01 06:39:03.434] SCAN.SKIP.OTHER: STORAGE\VOLUME\{40F51B94-82C7-11F1-9BD4-806E6F6E6963}#0000000001000000 class=Volume
[2026-08-01 06:39:03.435] SCAN.SKIP.OTHER: HID\VID_05AC&PID_1392\7&1A805441&0&0000 class=HIDClass
[2026-08-01 06:39:03.436] SCAN.SKIP.OTHER: HID\VID_3837&PID_300D&MI_02&COL05\8&4635B38&0&0004 class=HIDClass
[2026-08-01 06:39:03.437] SCAN.SKIP.OTHER: STORAGE\VOLUME\{40F51B95-82C7-11F1-9BD4-806E6F6E6963}#0000000000100000 class=Volume
[2026-08-01 06:39:03.438] SCAN.SKIP.OTHER: HID\VID_3837&PID_300D&MI_02&COL04\8&4635B38&0&0003 class=HIDClass
[2026-08-01 06:39:03.470] SCAN.SKIP.USB.NOROLES: PCI\VEN_1B73&DEV_1100&SUBSYS_11001B73&REV_10\4&2AB8778D&0&00E7
[2026-08-01 06:39:03.476] SCAN.SKIP.NOIM: USB\ROOT_HUB30\4&5375334&0&0
[2026-08-01 06:39:03.485] SCAN.SKIP.NOIM: SWD\MMDEVAPI\{0.0.1.00000000}.{2B45D43C-054C-446A-B95E-5400667C7F49}
[2026-08-01 06:39:03.486] SCAN.SKIP.OTHER: USB\VID_3837&PID_300D&MI_00\7&15812FBA&0&0000 class=HIDClass
[2026-08-01 06:39:03.487] SCAN.SKIP.OTHER: HID\VID_3837&PID_300D&MI_02&COL03\8&4635B38&0&0002 class=HIDClass
[2026-08-01 06:39:03.488] SCAN.SKIP.OTHER: HID\VID_3142&PID_A010&MI_03\8&2CF587EB&0&0000 class=HIDClass
[2026-08-01 06:39:03.489] SCAN.SKIP.OTHER: HID\VID_046D&PID_C547&MI_01&COL03\7&2F919E91&0&0002 class=HIDClass
[2026-08-01 06:39:03.501] SCAN: AUDIO PCI\VEN_10DE&DEV_22E9&SUBSYS_000010DE&REV_A1\4&23B96B75&0&0108 name=Contrôleur High Definition Audio usbRoles= audio=Contrôleur High Definition Audio wifi=False iGPU=False cx=False
[2026-08-01 06:39:03.505] SCAN: STOR PCI\VEN_144D&DEV_A809&SUBSYS_A801144D&REV_00\4&2CA970CB&0&00DC name=Contrôleur NVM Express standard usbRoles= audio= wifi=False iGPU=False cx=False
[2026-08-01 06:39:03.506] SCAN.SKIP.OTHER: HID\VID_3837&PID_300D&MI_02&COL02\8&4635B38&0&0001 class=Mouse
[2026-08-01 06:39:03.507] SCAN.SKIP.OTHER: HID\VID_3837&PID_300D&MI_00\8&10770CB5&0&0000 class=Keyboard
[2026-08-01 06:39:03.508] SCAN.SKIP.OTHER: HID\VID_3837&PID_300D&MI_02&COL01\8&4635B38&0&0000 class=Keyboard
[2026-08-01 06:39:03.509] SCAN.SKIP.OTHER: ROOT\MSSMBIOS\0000 class=System
[2026-08-01 06:39:03.510] SCAN.SKIP.OTHER: ACPI\INT340E\2&DABA3FF&0 class=System
[2026-08-01 06:39:03.517] SCAN.SKIP.NOIM: USB\VID_05E3&PID_0610\5&38E97A59&0&6
[2026-08-01 06:39:03.518] SCAN.SKIP.OTHER: USB\VID_046D&PID_C547&MI_01\6&27272CB6&0&0001 class=HIDClass
[2026-08-01 06:39:03.519] SCAN.SKIP.VIRT: SWD\MMDEVAPI\{0.0.0.00000000}.{62AC1A40-CA13-427B-8518-B21BA7606954}
[2026-08-01 06:39:03.520] SCAN.SKIP.OTHER: ACPI\PNP0000\4&3967B2DD&0 class=System
[2026-08-01 06:39:03.521] SCAN.SKIP.OTHER: ROOT\SYSTEM\0000 class=System
[2026-08-01 06:39:03.522] SCAN.SKIP.OTHER: ROOT\SYSTEM\0001 class=System
[2026-08-01 06:39:03.523] SCAN.SKIP.VIRT: ROOT\SYSTEM\0002
[2026-08-01 06:39:03.524] SCAN.SKIP.OTHER: HID\VID_3142&PID_A010&MI_04\8&91E4A29&0&0000 class=HIDClass
[2026-08-01 06:39:03.525] SCAN.SKIP.VIRT: ROOT\MEDIA\0000
[2026-08-01 06:39:03.530] SCAN.SKIP.NOIM: ROOT\MEDIA\0001
[2026-08-01 06:39:03.533] SCAN: GPU PCI\VEN_10DE&DEV_2C05&SUBSYS_89F41043&REV_A1\7B176750752DB04800 name=NVIDIA GeForce RTX 5070 Ti usbRoles= audio= wifi=False iGPU=False cx=False
[2026-08-01 06:39:03.542] SCAN.SKIP.NOIM: SWD\MMDEVAPI\{0.0.0.00000000}.{55DD245E-888B-41F6-825A-0013507F9113}
[2026-08-01 06:39:03.543] SCAN.SKIP.OTHER: ACPI\INT3F0D\4&3967B2DD&0 class=System
[2026-08-01 06:39:03.546] SCAN: STOR PCI\VEN_144D&DEV_A808&SUBSYS_A801144D&REV_00\4&39E69B4&0&00E8 name=Contrôleur NVM Express standard usbRoles= audio= wifi=False iGPU=False cx=False
[2026-08-01 06:39:03.561] [INFO]  Scanned 7 tunable devices | WiFi=0
[2026-08-01 06:39:03.562] [INFO]  === PHASE 4: Device Filtering ===
[2026-08-01 06:39:03.566] [INFO]  === PHASE 5: CPU Assignment ===
[2026-08-01 06:39:03.571] AUTO.ORDER: 7 devices for affinity assignment
[2026-08-01 06:39:03.592] AUTO.CPU: pool=[1,2,3,4,5,6,7,0] needed=8 extras=0 audioE=0
[2026-08-01 06:39:03.602] AUTO: GPU PCI\VEN_10DE&DEV_2C05&SUBSYS_89F41043&REV_A1\7B176750752DB04800 -> LP=[1,2] Mask=0x6
[2026-08-01 06:39:03.603] AUTO: NET_CX PCI\VEN_8086&DEV_15F3&SUBSYS_22D817AA&REV_03\68545AFFFFEF33AE00 -> LP=[3] Mask=0x8
[2026-08-01 06:39:03.604] AUTO: STOR PCI\VEN_8086&DEV_A352&SUBSYS_86941043&REV_10\3&11583659&0&B8 -> LP=[4] Mask=0x10
[2026-08-01 06:39:03.605] AUTO: STOR PCI\VEN_144D&DEV_A808&SUBSYS_A801144D&REV_00\4&39E69B4&0&00E8 -> LP=[5] Mask=0x20
[2026-08-01 06:39:03.606] AUTO: STOR PCI\VEN_144D&DEV_A809&SUBSYS_A801144D&REV_00\4&2CA970CB&0&00DC -> LP=[6] Mask=0x40
[2026-08-01 06:39:03.607] AUTO: AUDIO PCI\VEN_8086&DEV_A348&SUBSYS_87231043&REV_10\3&11583659&0&FB -> LP=[7] Mask=0x80
[2026-08-01 06:39:03.608] AUTO: AUDIO PCI\VEN_10DE&DEV_22E9&SUBSYS_000010DE&REV_A1\4&23B96B75&0&0108 -> LP=[0] Mask=0x1
[2026-08-01 06:39:03.611] [INFO]  === PHASE 6: Apply Registry Settings ===
[2026-08-01 06:39:03.620] DRYRUN: PCI\VEN_10DE&DEV_2C05&SUBSYS_89F41043&REV_A1\7B176750752DB04800 Kind=GPU LP=[1,2]
[2026-08-01 06:39:03.621] DRYRUN: PCI\VEN_8086&DEV_15F3&SUBSYS_22D817AA&REV_03\68545AFFFFEF33AE00 Kind=NET_CX LP=[3]
[2026-08-01 06:39:03.622] DRYRUN: PCI\VEN_8086&DEV_A352&SUBSYS_86941043&REV_10\3&11583659&0&B8 Kind=STOR LP=[4]
[2026-08-01 06:39:03.623] DRYRUN: PCI\VEN_144D&DEV_A808&SUBSYS_A801144D&REV_00\4&39E69B4&0&00E8 Kind=STOR LP=[5]
[2026-08-01 06:39:03.624] DRYRUN: PCI\VEN_144D&DEV_A809&SUBSYS_A801144D&REV_00\4&2CA970CB&0&00DC Kind=STOR LP=[6]
[2026-08-01 06:39:03.625] DRYRUN: PCI\VEN_8086&DEV_A348&SUBSYS_87231043&REV_10\3&11583659&0&FB Kind=AUDIO LP=[7]
[2026-08-01 06:39:03.626] DRYRUN: PCI\VEN_10DE&DEV_22E9&SUBSYS_000010DE&REV_A1\4&23B96B75&0&0108 Kind=AUDIO LP=[0]
[2026-08-01 06:39:03.628] DRYRUN: RmForceEnableMSI -> HKLM:\SYSTEM\CurrentControlSet\Services\nvlddmkm\Global\NVTweak
[2026-08-01 06:39:03.630] [INFO]  === PHASE 7: IMOD (xHCI Interrupt Moderation) ===
[2026-08-01 06:39:03.632] [WARN]  DRYRUN: Skipping IMOD hardware writes
[2026-08-01 06:39:03.633] [INFO]  === SUMMARY ===
