[2026-08-01 06:38:16.453] [INFO]  === PHASE 1: CPU Topology Discovery ===
[2026-08-01 06:38:18.406] CPU: Intel(R) Core(TM) i9-9900K CPU @ 3.60GHz | Vendor=GenuineIntel | Logical=8 | PhysCores=8
[2026-08-01 06:38:18.411] CPU.HYBRID: P-cores=8 E-cores=0 SMT=False
[2026-08-01 06:38:18.469] CPU.PRIMARY.P: [0,1,2,3,4,5,6,7]
[2026-08-01 06:38:18.471] CPU.PRIMARY.E: []
[2026-08-01 06:38:18.472] CPU.TARGET.CCD: LPs=[0,1,2,3,4,5,6,7]
[2026-08-01 06:38:18.473] [INFO]  === PHASE 2: Device Scan & Classification ===
[2026-08-01 06:38:18.604] SCAN: 173 present PnP devices
[2026-08-01 06:38:18.687] SCAN.SKIP.USB.NOROLES: PCI\VEN_8086&DEV_A36D&SUBSYS_86941043&REV_10\3&11583659&0&A0
[2026-08-01 06:38:18.689] SCAN.SKIP.OTHER: ACPI\PNP0C02\0 class=System
[2026-08-01 06:38:18.690] SCAN.SKIP.OTHER: ACPI\PNP0C02\1 class=System
[2026-08-01 06:38:18.691] SCAN.SKIP.OTHER: ACPI\PNP0C02\2 class=System
[2026-08-01 06:38:18.692] SCAN.SKIP.OTHER: ACPI\PNP0C02\5 class=System
[2026-08-01 06:38:18.693] SCAN.SKIP.OTHER: USB\VID_1235&PID_352F&MI_03\7&2BC2E606&0&0003 class=HIDClass
[2026-08-01 06:38:18.694] SCAN.SKIP.OTHER: USB\VID_3837&PID_300D&MI_01\7&15812FBA&0&0001 class=HIDClass
[2026-08-01 06:38:18.695] SCAN.SKIP.OTHER: USB\VID_0B05&PID_18A3\00000000001A class=HIDClass
[2026-08-01 06:38:18.697] SCAN.SKIP.OTHER: HID\VID_0B05&PID_18A3\7&F0CADF8&0&0000 class=HIDClass
[2026-08-01 06:38:18.698] SCAN.SKIP.OTHER: ROOT\VOLMGR\0000 class=System
[2026-08-01 06:38:18.699] SCAN.SKIP.OTHER: SCSI\DISK&VEN_CT1000MX&PROD_500SSD1\4&FE99083&0&000100 class=DiskDrive
[2026-08-01 06:38:18.700] SCAN.SKIP.VIRT: SWD\MMDEVAPI\{0.0.0.00000000}.{D3CB4195-5423-47D0-A8C7-00E9EA9F3491}
[2026-08-01 06:38:18.701] SCAN.SKIP.OTHER: USB\VID_046D&PID_C547&MI_02\6&27272CB6&0&0002 class=HIDClass
[2026-08-01 06:38:18.703] SCAN.SKIP.OTHER: ROOT\BASICDISPLAY\0000 class=System
[2026-08-01 06:38:18.704] SCAN.SKIP.OTHER: SCSI\DISK&VEN_JMICRON&PROD_TECH\6&29D94A0D&0&000000 class=DiskDrive
[2026-08-01 06:38:18.705] SCAN.SKIP.OTHER: SWD\DRIVERENUM\{E83B603A-ABA0-4D94-BF87-3BBA62F4B383}#APOSWC&1&2A215B38&0 class=AudioProcessingObject
[2026-08-01 06:38:18.706] SCAN.SKIP.OTHER: STORAGE\VOLUME\{85E3BFB4-8502-11F1-9BF7-6245B4EB9815}#0000000000100000 class=Volume
[2026-08-01 06:38:18.715] SCAN.SKIP.NOIM: SWD\MMDEVAPI\{0.0.0.00000000}.{B533B8B5-A5EA-451D-A317-3F54C7C171D9}
[2026-08-01 06:38:18.716] SCAN.SKIP.OTHER: ACPI\GENUINEINTEL_-_INTEL64_FAMILY_6_MODEL_158_-_INTEL(R)_CORE(TM)_I9-9900K_CPU_@_3.60GHZ\_1 class=Processor
[2026-08-01 06:38:18.717] SCAN.SKIP.OTHER: ACPI\GENUINEINTEL_-_INTEL64_FAMILY_6_MODEL_158_-_INTEL(R)_CORE(TM)_I9-9900K_CPU_@_3.60GHZ\_2 class=Processor
[2026-08-01 06:38:18.719] SCAN.SKIP.OTHER: ACPI\GENUINEINTEL_-_INTEL64_FAMILY_6_MODEL_158_-_INTEL(R)_CORE(TM)_I9-9900K_CPU_@_3.60GHZ\_3 class=Processor
[2026-08-01 06:38:18.720] SCAN.SKIP.OTHER: ACPI\GENUINEINTEL_-_INTEL64_FAMILY_6_MODEL_158_-_INTEL(R)_CORE(TM)_I9-9900K_CPU_@_3.60GHZ\_4 class=Processor
[2026-08-01 06:38:18.721] SCAN.SKIP.OTHER: ACPI\GENUINEINTEL_-_INTEL64_FAMILY_6_MODEL_158_-_INTEL(R)_CORE(TM)_I9-9900K_CPU_@_3.60GHZ\_5 class=Processor
[2026-08-01 06:38:18.722] SCAN.SKIP.OTHER: ACPI\GENUINEINTEL_-_INTEL64_FAMILY_6_MODEL_158_-_INTEL(R)_CORE(TM)_I9-9900K_CPU_@_3.60GHZ\_6 class=Processor
[2026-08-01 06:38:18.724] SCAN.SKIP.OTHER: ACPI\GENUINEINTEL_-_INTEL64_FAMILY_6_MODEL_158_-_INTEL(R)_CORE(TM)_I9-9900K_CPU_@_3.60GHZ\_7 class=Processor
[2026-08-01 06:38:18.725] SCAN.SKIP.OTHER: ACPI\GENUINEINTEL_-_INTEL64_FAMILY_6_MODEL_158_-_INTEL(R)_CORE(TM)_I9-9900K_CPU_@_3.60GHZ\_8 class=Processor
[2026-08-01 06:38:18.786] SCAN.SKIP.USB.NOROLES: PCI\VEN_1912&DEV_0014&SUBSYS_00000000&REV_03\4&1F177867&0&00D8
[2026-08-01 06:38:18.788] SCAN.SKIP.OTHER: SWD\COMPUTER\MFG_ASUS&FAM_TO_BE_FILLED_BY_O.E.M.&PROD_SYSTEM_PRODUCT_NAME&SKU_ASUS_MB_CNL class=Computer
[2026-08-01 06:38:18.789] SCAN.SKIP.OTHER: HID\VID_3837&PID_300D&MI_01\8&283A98FA&0&0000 class=HIDClass
[2026-08-01 06:38:18.790] SCAN.SKIP.OTHER: USB\VID_3142&PID_A010&MI_03\7&2F68056E&0&0003 class=HIDClass
[2026-08-01 06:38:18.791] SCAN.SKIP.OTHER: UEFI\RES_{A1D33A80-5288-5598-B253-11BA0AB0F969}\0 class=Firmware
[2026-08-01 06:38:18.798] SCAN.SKIP.NOIM: USB\VID_046D&PID_C547\5&38E97A59&0&13
[2026-08-01 06:38:18.804] SCAN.SKIP.NOIM: USB\VID_1A40&PID_0101\5&38E97A59&0&3
[2026-08-01 06:38:18.805] SCAN.SKIP.OTHER: USB\VID_1235&PID_352F&MI_04\7&2BC2E606&0&0004 class=HIDClass
[2026-08-01 06:38:18.806] SCAN.SKIP.OTHER: ACPI\PNP0C04\4&3967B2DD&0 class=System
[2026-08-01 06:38:18.807] SCAN.SKIP.OTHER: USB\VID_3837&PID_300D&MI_02\7&15812FBA&0&0002 class=HIDClass
[2026-08-01 06:38:18.808] SCAN.SKIP.VIRT: ROOT\VID\0000
[2026-08-01 06:38:18.810] SCAN.SKIP.OTHER: STORAGE\VOLUME\{40F51B95-82C7-11F1-9BD4-806E6F6E6963}#000000000D900000 class=Volume
[2026-08-01 06:38:18.817] SCAN.SKIP.NOIM: USB\VID_045B&PID_0209\6&21EF6802&0&5
[2026-08-01 06:38:18.818] SCAN.SKIP.OTHER: SWD\WPDBUSENUM\{40F51B91-82C7-11F1-9BD4-806E6F6E6963}#0000000001000000 class=WPD
[2026-08-01 06:38:18.845] SCAN: STOR PCI\VEN_8086&DEV_A352&SUBSYS_86941043&REV_10\3&11583659&0&B8 name=Intel(R) 300 Series Chipset Family SATA AHCI Controller usbRoles= audio= wifi=False iGPU=False cx=False
[2026-08-01 06:38:18.846] SCAN.SKIP.OTHER: PCI\VEN_8086&DEV_A36F&SUBSYS_86941043&REV_10\3&11583659&0&A2 class=System
[2026-08-01 06:38:18.853] SCAN.SKIP.NOIM: USB\VID_1235&PID_352F\20190808
[2026-08-01 06:38:18.859] SCAN.SKIP.NOIM: ROOT\SPACEPORT\0000
[2026-08-01 06:38:18.868] SCAN.SKIP.NOIM: SWD\MMDEVAPI\{0.0.0.00000000}.{EFEAC16D-D412-44CB-9CF3-E847468F3DCF}
[2026-08-01 06:38:18.870] SCAN.SKIP.OTHER: VHF\HID_DEVICE_SYSTEM_VHF\6&27272CB6&0&13_SLOT00 class=HIDClass
[2026-08-01 06:38:18.871] SCAN.SKIP.OTHER: PCI\VEN_8086&DEV_3E30&SUBSYS_86941043&REV_0D\3&11583659&0&00 class=System
[2026-08-01 06:38:18.872] SCAN.SKIP.OTHER: HID\VID_1235&PID_352F&MI_04\8&1F055C3C&0&0000 class=HIDClass
[2026-08-01 06:38:18.873] SCAN.SKIP.OTHER: STORAGE\VOLUME\{40F51B91-82C7-11F1-9BD4-806E6F6E6963}#0000000000004400 class=Volume
[2026-08-01 06:38:18.874] SCAN.SKIP.OTHER: HID\VID_046D&PID_C547&MI_02&COL02\7&BBA60CF&0&0001 class=HIDClass
[2026-08-01 06:38:18.875] SCAN.SKIP.OTHER: ACPI\PNP0C02\PCHRESV class=System
[2026-08-01 06:38:18.876] SCAN.SKIP.OTHER: HID\VID_046D&PID_C547&MI_02&COL01\7&BBA60CF&0&0000 class=HIDClass
[2026-08-01 06:38:18.878] SCAN.SKIP.OTHER: HID\VID_1235&PID_352F&MI_03\8&36C8E881&0&0000 class=HIDClass
[2026-08-01 06:38:18.893] SCAN: AUDIO PCI\VEN_8086&DEV_A348&SUBSYS_87231043&REV_10\3&11583659&0&FB name=Contrôleur High Definition Audio usbRoles= audio=Contrôleur High Definition Audio wifi=False iGPU=False cx=False
[2026-08-01 06:38:18.895] SCAN.SKIP.OTHER: SCSI\DISK&VEN_NVME&PROD_SAMSUNG_SSD_980\5&2F3C9137&0&000000 class=DiskDrive
[2026-08-01 06:38:18.896] SCAN.SKIP.OTHER: PCI\VEN_8086&DEV_A360&SUBSYS_86941043&REV_10\3&11583659&0&B0 class=System
[2026-08-01 06:38:18.897] SCAN.SKIP.OTHER: STORAGE\VOLUME\{40F51B95-82C7-11F1-9BD4-806E6F6E6963}#000000000C900000 class=Volume
[2026-08-01 06:38:18.898] SCAN.SKIP.OTHER: USB\VID_046D&PID_C547&LAMPARRAY\6&27272CB6&0&13_SLOT00 class=
[2026-08-01 06:38:18.899] SCAN.SKIP.OTHER: USB\VID_046D&PID_C547&LAMPARRAY\6&27272CB6&0&13_SLOT01 class=
[2026-08-01 06:38:18.900] SCAN.SKIP.OTHER: USB\VID_046D&PID_C547&LAMPARRAY\6&27272CB6&0&13_SLOT02 class=
[2026-08-01 06:38:18.901] SCAN.SKIP.OTHER: USB\VID_046D&PID_C547&LAMPARRAY\6&27272CB6&0&13_SLOT03 class=
[2026-08-01 06:38:18.902] SCAN.SKIP.OTHER: USB\VID_046D&PID_C547&LAMPARRAY\6&27272CB6&0&13_SLOT04 class=
[2026-08-01 06:38:18.904] SCAN.SKIP.OTHER: USB\VID_046D&PID_C547&LAMPARRAY\6&27272CB6&0&13_SLOT05 class=
[2026-08-01 06:38:18.905] SCAN.SKIP.OTHER: USB\VID_046D&PID_C547&LAMPARRAY\6&27272CB6&0&13_SLOT06 class=
[2026-08-01 06:38:18.911] SCAN.SKIP.NOIM: USB\VID_1235&PID_352F&MI_00\7&2BC2E606&0&0000
[2026-08-01 06:38:18.912] SCAN.SKIP.OTHER: USB\VID_3142&PID_A010&MI_04\7&2F68056E&0&0004 class=HIDClass
[2026-08-01 06:38:18.913] SCAN.SKIP.OTHER: STORAGE\VOLUME\{40F51B95-82C7-11F1-9BD4-806E6F6E6963}#000000743CD00000 class=Volume
[2026-08-01 06:38:18.914] SCAN.SKIP.OTHER: STORAGE\VOLUME\{40F51B91-82C7-11F1-9BD4-806E6F6E6963}#0000000001000000 class=Volume
[2026-08-01 06:38:18.920] SCAN.SKIP.NOIM: USB\VID_0BDA&PID_5409\7&27E82F95&0&4
[2026-08-01 06:38:18.921] SCAN.SKIP.OTHER: HID\VID_046D&PID_C547&MI_01&COL01\7&2F919E91&0&0000 class=Keyboard
[2026-08-01 06:38:18.929] SCAN.SKIP.NOIM: USB\ROOT_HUB30\5&FFCF795&0&0
[2026-08-01 06:38:18.930] SCAN.SKIP.OTHER: SCSI\DISK&VEN_SAMSUNG&PROD_SSD\4&FE99083&0&000000 class=DiskDrive
[2026-08-01 06:38:18.931] SCAN.SKIP.OTHER: SWD\RADIO\{3DB5895D-CC28-44B3-AD3D-6F01A782B8D2} class=SoftwareDevice
[2026-08-01 06:38:18.939] SCAN.SKIP.NOIM: SWD\MMDEVAPI\{0.0.1.00000000}.{D30A075F-50C0-4216-9C16-8CFD75838A8B}
[2026-08-01 06:38:18.946] SCAN.SKIP.NOIM: USB\VID_3837&PID_300D\51463B863442
[2026-08-01 06:38:18.947] SCAN.SKIP.OTHER: ROOT\ACPI_HAL\0000 class=Computer
[2026-08-01 06:38:18.949] SCAN.SKIP.OTHER: ACPI\PNP0A08\0 class=System
[2026-08-01 06:38:18.955] SCAN.SKIP.NOIM: USB\VID_0BDA&PID_0409\7&385A0AEC&0&4
[2026-08-01 06:38:18.956] SCAN.SKIP.OTHER: SWD\DRIVERENUM\{96BEDF2C-18CB-4A15-B821-5E95ED0FEA61}#VOCAEFFECTPACK&1&201CA009&0 class=AudioProcessingObject
[2026-08-01 06:38:18.957] SCAN.SKIP.OTHER: HID\VID_046D&PID_C547&MI_00\7&17CE124C&0&0000 class=Mouse
[2026-08-01 06:38:18.958] SCAN.SKIP.OTHER: HTREE\ROOT\0 class=
[2026-08-01 06:38:18.959] SCAN.SKIP.OTHER: USB\VID_187C&PID_101A\8&1024433C&0&3 class=HIDClass
[2026-08-01 06:38:18.960] SCAN.SKIP.OTHER: ROOT\BASICRENDER\0000 class=System
[2026-08-01 06:38:18.967] SCAN.SKIP.NOIM: USB\VID_3142&PID_A010\20190808
[2026-08-01 06:38:18.973] SCAN.SKIP.NOIM: USB\VID_045B&PID_0210\6&21EF6802&0&1
[2026-08-01 06:38:18.980] SCAN.SKIP.NOIM: USB\VID_152D&PID_0583\MSFT30DD5641988389C
[2026-08-01 06:38:18.981] SCAN.SKIP.OTHER: STORAGE\VOLUME\{85E3BFB5-8502-11F1-9BF7-6245B4EB9815}#0000000000004400 class=Volume
[2026-08-01 06:38:18.982] SCAN.SKIP.OTHER: ACPI_HAL\UEFI\0 class=System
[2026-08-01 06:38:18.989] SCAN.SKIP.NOIM: USB\VID_3142&PID_A010&MI_00\7&2F68056E&0&0000
[2026-08-01 06:38:18.990] SCAN.SKIP.OTHER: ACPI\PNP0C02\SARESV class=System
[2026-08-01 06:38:18.991] SCAN.SKIP.OTHER: HID\VID_0B05&PID_18AE\7&3B52FF02&0&0000 class=HIDClass
[2026-08-01 06:38:18.992] SCAN.SKIP.OTHER: ACPI\MSFT0101\1 class=SecurityDevices
[2026-08-01 06:38:19.001] SCAN: NET_CX PCI\VEN_8086&DEV_15F3&SUBSYS_22D817AA&REV_03\68545AFFFFEF33AE00 name=Intel(R) Ethernet Controller (3) I225-V usbRoles= audio= wifi=False iGPU=False cx=True
[2026-08-01 06:38:19.003] SCAN.SKIP.OTHER: SCSI\DISK&VEN_NVME&PROD_SAMSUNG_SSD_970\5&D94248&0&000000 class=DiskDrive
[2026-08-01 06:38:19.004] SCAN.SKIP.OTHER: HID\VID_046D&PID_C547&MI_01&COL02\7&2F919E91&0&0001 class=HIDClass
[2026-08-01 06:38:19.005] SCAN.SKIP.OTHER: HID\VID_187C&PID_101A\9&1107AE61&0&0000 class=HIDClass
[2026-08-01 06:38:19.006] SCAN.SKIP.OTHER: DISPLAY\RTK1920\5&35AAB470&3&UID4352 class=Monitor
[2026-08-01 06:38:19.008] SCAN.SKIP.VIRT: SWD\MMDEVAPI\{0.0.0.00000000}.{B0FB04E9-E8C2-4A56-86DA-42B5C9B42417}
[2026-08-01 06:38:19.009] SCAN.SKIP.OTHER: STORAGE\VOLUME\{40F51B94-82C7-11F1-9BD4-806E6F6E6963}#0000000000004400 class=Volume
[2026-08-01 06:38:19.010] SCAN.SKIP.OTHER: STORAGE\VOLUME\{85E3BFB5-8502-11F1-9BF7-6245B4EB9815}#0000000001000000 class=Volume
[2026-08-01 06:38:19.011] SCAN.SKIP.OTHER: ACPI\INT33A1\1 class=System
[2026-08-01 06:38:19.017] SCAN.SKIP.NOIM: USB\ROOT_HUB30\5&131DD1AE&0&0
[2026-08-01 06:38:19.018] SCAN.SKIP.OTHER: USB\VID_046D&PID_C547&MI_00\6&27272CB6&0&0000 class=HIDClass
[2026-08-01 06:38:19.019] SCAN.SKIP.OTHER: ACPI\PNP0C02\IOTRAPS class=System
[2026-08-01 06:38:19.020] SCAN.SKIP.VIRT: SWD\MMDEVAPI\{0.0.1.00000000}.{EFAA7A96-DF39-4436-8866-1EAB700DCAA1}
[2026-08-01 06:38:19.021] SCAN.SKIP.OTHER: PCI\VEN_8086&DEV_1901&SUBSYS_86941043&REV_0D\3&11583659&0&08 class=System
[2026-08-01 06:38:19.022] SCAN.SKIP.OTHER: USB\VID_0B05&PID_18AE\205D30495847 class=HIDClass
[2026-08-01 06:38:19.028] SCAN.SKIP.NOIM: SWD\XVDDENUM\XVDDROOTDEVICE_INSTANCE
[2026-08-01 06:38:19.029] SCAN.SKIP.OTHER: SWD\MMDEVAPI\MICROSOFTGSWAVETABLESYNTH class=SoftwareDevice
[2026-08-01 06:38:19.030] SCAN.SKIP.OTHER: HID\HID_DEVICE_SYSTEM_VHF\7&1947D55E&0&0000 class=HIDClass
[2026-08-01 06:38:19.031] SCAN.SKIP.OTHER: USB\VID_05AC&PID_1392\DLC742712D2H1Y8AK class=HIDClass
[2026-08-01 06:38:19.032] SCAN.SKIP.OTHER: DISPLAY\DELA28A\5&35AAB470&3&UID4357 class=Monitor
[2026-08-01 06:38:19.033] SCAN.SKIP.OTHER: STORAGE\VOLUME\{40F51B94-82C7-11F1-9BD4-806E6F6E6963}#0000000001000000 class=Volume
[2026-08-01 06:38:19.034] SCAN.SKIP.OTHER: HID\VID_05AC&PID_1392\7&1A805441&0&0000 class=HIDClass
[2026-08-01 06:38:19.035] SCAN.SKIP.OTHER: HID\VID_3837&PID_300D&MI_02&COL05\8&4635B38&0&0004 class=HIDClass
[2026-08-01 06:38:19.036] SCAN.SKIP.OTHER: STORAGE\VOLUME\{40F51B95-82C7-11F1-9BD4-806E6F6E6963}#0000000000100000 class=Volume
[2026-08-01 06:38:19.037] SCAN.SKIP.OTHER: HID\VID_3837&PID_300D&MI_02&COL04\8&4635B38&0&0003 class=HIDClass
[2026-08-01 06:38:19.081] SCAN.SKIP.USB.NOROLES: PCI\VEN_1B73&DEV_1100&SUBSYS_11001B73&REV_10\4&2AB8778D&0&00E7
[2026-08-01 06:38:19.087] SCAN.SKIP.NOIM: USB\ROOT_HUB30\4&5375334&0&0
[2026-08-01 06:38:19.096] SCAN.SKIP.NOIM: SWD\MMDEVAPI\{0.0.1.00000000}.{2B45D43C-054C-446A-B95E-5400667C7F49}
[2026-08-01 06:38:19.098] SCAN.SKIP.OTHER: USB\VID_3837&PID_300D&MI_00\7&15812FBA&0&0000 class=HIDClass
[2026-08-01 06:38:19.099] SCAN.SKIP.OTHER: HID\VID_3837&PID_300D&MI_02&COL03\8&4635B38&0&0002 class=HIDClass
[2026-08-01 06:38:19.100] SCAN.SKIP.OTHER: HID\VID_3142&PID_A010&MI_03\8&2CF587EB&0&0000 class=HIDClass
[2026-08-01 06:38:19.101] SCAN.SKIP.OTHER: HID\VID_046D&PID_C547&MI_01&COL03\7&2F919E91&0&0002 class=HIDClass
[2026-08-01 06:38:19.114] SCAN: AUDIO PCI\VEN_10DE&DEV_22E9&SUBSYS_000010DE&REV_A1\4&23B96B75&0&0108 name=Contrôleur High Definition Audio usbRoles= audio=Contrôleur High Definition Audio wifi=False iGPU=False cx=False
[2026-08-01 06:38:19.118] SCAN: STOR PCI\VEN_144D&DEV_A809&SUBSYS_A801144D&REV_00\4&2CA970CB&0&00DC name=Contrôleur NVM Express standard usbRoles= audio= wifi=False iGPU=False cx=False
[2026-08-01 06:38:19.119] SCAN.SKIP.OTHER: HID\VID_3837&PID_300D&MI_02&COL02\8&4635B38&0&0001 class=Mouse
[2026-08-01 06:38:19.120] SCAN.SKIP.OTHER: HID\VID_3837&PID_300D&MI_00\8&10770CB5&0&0000 class=Keyboard
[2026-08-01 06:38:19.121] SCAN.SKIP.OTHER: HID\VID_3837&PID_300D&MI_02&COL01\8&4635B38&0&0000 class=Keyboard
[2026-08-01 06:38:19.122] SCAN.SKIP.OTHER: ROOT\MSSMBIOS\0000 class=System
[2026-08-01 06:38:19.123] SCAN.SKIP.OTHER: ACPI\INT340E\2&DABA3FF&0 class=System
[2026-08-01 06:38:19.129] SCAN.SKIP.NOIM: USB\VID_05E3&PID_0610\5&38E97A59&0&6
[2026-08-01 06:38:19.130] SCAN.SKIP.OTHER: USB\VID_046D&PID_C547&MI_01\6&27272CB6&0&0001 class=HIDClass
[2026-08-01 06:38:19.131] SCAN.SKIP.VIRT: SWD\MMDEVAPI\{0.0.0.00000000}.{62AC1A40-CA13-427B-8518-B21BA7606954}
[2026-08-01 06:38:19.132] SCAN.SKIP.OTHER: ACPI\PNP0000\4&3967B2DD&0 class=System
[2026-08-01 06:38:19.133] SCAN.SKIP.OTHER: ROOT\SYSTEM\0000 class=System
[2026-08-01 06:38:19.134] SCAN.SKIP.OTHER: ROOT\SYSTEM\0001 class=System
[2026-08-01 06:38:19.135] SCAN.SKIP.VIRT: ROOT\SYSTEM\0002
[2026-08-01 06:38:19.136] SCAN.SKIP.OTHER: HID\VID_3142&PID_A010&MI_04\8&91E4A29&0&0000 class=HIDClass
[2026-08-01 06:38:19.137] SCAN.SKIP.VIRT: ROOT\MEDIA\0000
[2026-08-01 06:38:19.143] SCAN.SKIP.NOIM: ROOT\MEDIA\0001
[2026-08-01 06:38:19.146] SCAN: GPU PCI\VEN_10DE&DEV_2C05&SUBSYS_89F41043&REV_A1\7B176750752DB04800 name=NVIDIA GeForce RTX 5070 Ti usbRoles= audio= wifi=False iGPU=False cx=False
[2026-08-01 06:38:19.155] SCAN.SKIP.NOIM: SWD\MMDEVAPI\{0.0.0.00000000}.{55DD245E-888B-41F6-825A-0013507F9113}
[2026-08-01 06:38:19.156] SCAN.SKIP.OTHER: ACPI\INT3F0D\4&3967B2DD&0 class=System
[2026-08-01 06:38:19.159] SCAN: STOR PCI\VEN_144D&DEV_A808&SUBSYS_A801144D&REV_00\4&39E69B4&0&00E8 name=Contrôleur NVM Express standard usbRoles= audio= wifi=False iGPU=False cx=False
[2026-08-01 06:38:19.183] [INFO]  Scanned 7 tunable devices | WiFi=0
[2026-08-01 06:38:19.184] [INFO]  === PHASE 4: Device Filtering ===
[2026-08-01 06:38:19.189] [INFO]  === PHASE 5: CPU Assignment ===
[2026-08-01 06:38:19.209] AUTO.ORDER: 7 devices for affinity assignment
[2026-08-01 06:38:19.247] AUTO.CPU: pool=[1,2,3,4,5,6,7,0] needed=8 extras=0 audioE=0
[2026-08-01 06:38:19.258] AUTO: GPU PCI\VEN_10DE&DEV_2C05&SUBSYS_89F41043&REV_A1\7B176750752DB04800 -> LP=[1,2] Mask=0x6
[2026-08-01 06:38:19.259] AUTO: NET_CX PCI\VEN_8086&DEV_15F3&SUBSYS_22D817AA&REV_03\68545AFFFFEF33AE00 -> LP=[3] Mask=0x8
[2026-08-01 06:38:19.260] AUTO: STOR PCI\VEN_8086&DEV_A352&SUBSYS_86941043&REV_10\3&11583659&0&B8 -> LP=[4] Mask=0x10
[2026-08-01 06:38:19.261] AUTO: STOR PCI\VEN_144D&DEV_A808&SUBSYS_A801144D&REV_00\4&39E69B4&0&00E8 -> LP=[5] Mask=0x20
[2026-08-01 06:38:19.262] AUTO: STOR PCI\VEN_144D&DEV_A809&SUBSYS_A801144D&REV_00\4&2CA970CB&0&00DC -> LP=[6] Mask=0x40
[2026-08-01 06:38:19.263] AUTO: AUDIO PCI\VEN_8086&DEV_A348&SUBSYS_87231043&REV_10\3&11583659&0&FB -> LP=[7] Mask=0x80
[2026-08-01 06:38:19.264] AUTO: AUDIO PCI\VEN_10DE&DEV_22E9&SUBSYS_000010DE&REV_A1\4&23B96B75&0&0108 -> LP=[0] Mask=0x1
[2026-08-01 06:38:19.267] [INFO]  === PHASE 6: Apply Registry Settings ===
[2026-08-01 06:38:19.293] DRYRUN: PCI\VEN_10DE&DEV_2C05&SUBSYS_89F41043&REV_A1\7B176750752DB04800 Kind=GPU LP=[1,2]
[2026-08-01 06:38:19.295] DRYRUN: PCI\VEN_8086&DEV_15F3&SUBSYS_22D817AA&REV_03\68545AFFFFEF33AE00 Kind=NET_CX LP=[3]
[2026-08-01 06:38:19.296] DRYRUN: PCI\VEN_8086&DEV_A352&SUBSYS_86941043&REV_10\3&11583659&0&B8 Kind=STOR LP=[4]
[2026-08-01 06:38:19.297] DRYRUN: PCI\VEN_144D&DEV_A808&SUBSYS_A801144D&REV_00\4&39E69B4&0&00E8 Kind=STOR LP=[5]
[2026-08-01 06:38:19.298] DRYRUN: PCI\VEN_144D&DEV_A809&SUBSYS_A801144D&REV_00\4&2CA970CB&0&00DC Kind=STOR LP=[6]
[2026-08-01 06:38:19.299] DRYRUN: PCI\VEN_8086&DEV_A348&SUBSYS_87231043&REV_10\3&11583659&0&FB Kind=AUDIO LP=[7]
[2026-08-01 06:38:19.299] DRYRUN: PCI\VEN_10DE&DEV_22E9&SUBSYS_000010DE&REV_A1\4&23B96B75&0&0108 Kind=AUDIO LP=[0]
[2026-08-01 06:38:19.310] DRYRUN: RmForceEnableMSI -> HKLM:\SYSTEM\CurrentControlSet\Services\nvlddmkm\Global\NVTweak
[2026-08-01 06:38:19.312] [INFO]  === PHASE 7: IMOD (xHCI Interrupt Moderation) ===
[2026-08-01 06:38:19.313] [WARN]  DRYRUN: Skipping IMOD hardware writes
[2026-08-01 06:38:19.315] [INFO]  === SUMMARY ===
